
Discarded input sections

 .group         0x00000000        0x8 ./lcd3310/lcd3310.o
 .text          0x00000000        0x0 ./lcd3310/lcd3310.o
 .data          0x00000000        0x0 ./lcd3310/lcd3310.o
 .bss           0x00000000        0x0 ./lcd3310/lcd3310.o
 .debug_info    0x00000000       0x21 ./lcd3310/lcd3310.o
 .debug_abbrev  0x00000000       0x13 ./lcd3310/lcd3310.o
 .debug_aranges
                0x00000000       0x18 ./lcd3310/lcd3310.o
 .debug_macro   0x00000000       0x11 ./lcd3310/lcd3310.o
 .debug_macro   0x00000000      0x814 ./lcd3310/lcd3310.o
 .debug_line    0x00000000       0x35 ./lcd3310/lcd3310.o
 .debug_str     0x00000000     0x2251 ./lcd3310/lcd3310.o
 .comment       0x00000000       0x31 ./lcd3310/lcd3310.o
 .ARM.attributes
                0x00000000       0x33 ./lcd3310/lcd3310.o
 .group         0x00000000        0x8 ./SPL/src/misc.o
 .group         0x00000000        0x8 ./SPL/src/misc.o
 .group         0x00000000        0x8 ./SPL/src/misc.o
 .group         0x00000000        0x8 ./SPL/src/misc.o
 .group         0x00000000        0x8 ./SPL/src/misc.o
 .group         0x00000000        0x8 ./SPL/src/misc.o
 .group         0x00000000        0x8 ./SPL/src/misc.o
 .group         0x00000000        0x8 ./SPL/src/misc.o
 .group         0x00000000        0x8 ./SPL/src/misc.o
 .group         0x00000000        0x8 ./SPL/src/misc.o
 .group         0x00000000        0x8 ./SPL/src/misc.o
 .group         0x00000000        0x8 ./SPL/src/misc.o
 .group         0x00000000        0x8 ./SPL/src/misc.o
 .group         0x00000000        0x8 ./SPL/src/misc.o
 .group         0x00000000        0x8 ./SPL/src/misc.o
 .group         0x00000000        0x8 ./SPL/src/misc.o
 .group         0x00000000        0x8 ./SPL/src/misc.o
 .group         0x00000000        0x8 ./SPL/src/misc.o
 .group         0x00000000        0x8 ./SPL/src/misc.o
 .group         0x00000000        0x8 ./SPL/src/misc.o
 .group         0x00000000        0x8 ./SPL/src/misc.o
 .group         0x00000000        0x8 ./SPL/src/misc.o
 .group         0x00000000        0x8 ./SPL/src/misc.o
 .group         0x00000000        0x8 ./SPL/src/misc.o
 .group         0x00000000        0x8 ./SPL/src/misc.o
 .group         0x00000000        0x8 ./SPL/src/misc.o
 .group         0x00000000        0x8 ./SPL/src/misc.o
 .group         0x00000000        0x8 ./SPL/src/misc.o
 .group         0x00000000        0x8 ./SPL/src/misc.o
 .text          0x00000000        0x0 ./SPL/src/misc.o
 .data          0x00000000        0x0 ./SPL/src/misc.o
 .bss           0x00000000        0x0 ./SPL/src/misc.o
 .text.NVIC_PriorityGroupConfig
                0x00000000       0x24 ./SPL/src/misc.o
 .text.NVIC_Init
                0x00000000       0xd4 ./SPL/src/misc.o
 .text.NVIC_SetVectorTable
                0x00000000       0x2c ./SPL/src/misc.o
 .text.NVIC_SystemLPConfig
                0x00000000       0x40 ./SPL/src/misc.o
 .text.SysTick_CLKSourceConfig
                0x00000000       0x38 ./SPL/src/misc.o
 .debug_info    0x00000000      0x54c ./SPL/src/misc.o
 .debug_abbrev  0x00000000      0x13d ./SPL/src/misc.o
 .debug_loc     0x00000000      0x118 ./SPL/src/misc.o
 .debug_aranges
                0x00000000       0x40 ./SPL/src/misc.o
 .debug_ranges  0x00000000       0x30 ./SPL/src/misc.o
 .debug_macro   0x00000000      0x14c ./SPL/src/misc.o
 .debug_macro   0x00000000      0x814 ./SPL/src/misc.o
 .debug_macro   0x00000000       0x56 ./SPL/src/misc.o
 .debug_macro   0x00000000       0x22 ./SPL/src/misc.o
 .debug_macro   0x00000000      0x214 ./SPL/src/misc.o
 .debug_macro   0x00000000      0x69f ./SPL/src/misc.o
 .debug_macro   0x00000000     0x7e5f ./SPL/src/misc.o
 .debug_macro   0x00000000      0x2df ./SPL/src/misc.o
 .debug_macro   0x00000000      0x144 ./SPL/src/misc.o
 .debug_macro   0x00000000      0x3cf ./SPL/src/misc.o
 .debug_macro   0x00000000       0xc8 ./SPL/src/misc.o
 .debug_macro   0x00000000      0x196 ./SPL/src/misc.o
 .debug_macro   0x00000000       0xac ./SPL/src/misc.o
 .debug_macro   0x00000000      0x3ad ./SPL/src/misc.o
 .debug_macro   0x00000000       0x9a ./SPL/src/misc.o
 .debug_macro   0x00000000      0x2cf ./SPL/src/misc.o
 .debug_macro   0x00000000      0x279 ./SPL/src/misc.o
 .debug_macro   0x00000000      0x2ac ./SPL/src/misc.o
 .debug_macro   0x00000000      0x2b1 ./SPL/src/misc.o
 .debug_macro   0x00000000       0x64 ./SPL/src/misc.o
 .debug_macro   0x00000000       0x82 ./SPL/src/misc.o
 .debug_macro   0x00000000      0x461 ./SPL/src/misc.o
 .debug_macro   0x00000000       0x58 ./SPL/src/misc.o
 .debug_macro   0x00000000      0x341 ./SPL/src/misc.o
 .debug_macro   0x00000000      0x2c4 ./SPL/src/misc.o
 .debug_macro   0x00000000      0x711 ./SPL/src/misc.o
 .debug_macro   0x00000000      0x220 ./SPL/src/misc.o
 .debug_macro   0x00000000       0x34 ./SPL/src/misc.o
 .debug_macro   0x00000000       0x35 ./SPL/src/misc.o
 .debug_macro   0x00000000       0x85 ./SPL/src/misc.o
 .debug_line    0x00000000      0x41c ./SPL/src/misc.o
[...]
Memory Configuration

Name             Origin             Length             Attributes
FLASH            0x08000000         0x00020000         xr
RAM              0x20000000         0x00002000         xrw
*default*        0x00000000         0xffffffff

Linker script and memory map

LOAD ./lcd3310/lcd3310.o
LOAD ./SPL/src/misc.o
LOAD ./SPL/src/stm32f10x_adc.o
LOAD ./SPL/src/stm32f10x_bkp.o
LOAD ./SPL/src/stm32f10x_can.o
LOAD ./SPL/src/stm32f10x_cec.o
LOAD ./SPL/src/stm32f10x_crc.o
LOAD ./SPL/src/stm32f10x_dac.o
LOAD ./SPL/src/stm32f10x_dbgmcu.o
LOAD ./SPL/src/stm32f10x_dma.o
LOAD ./SPL/src/stm32f10x_exti.o
LOAD ./SPL/src/stm32f10x_flash.o
LOAD ./SPL/src/stm32f10x_fsmc.o
LOAD ./SPL/src/stm32f10x_gpio.o
LOAD ./SPL/src/stm32f10x_i2c.o
LOAD ./SPL/src/stm32f10x_iwdg.o
LOAD ./SPL/src/stm32f10x_pwr.o
LOAD ./SPL/src/stm32f10x_rcc.o
LOAD ./SPL/src/stm32f10x_rtc.o
LOAD ./SPL/src/stm32f10x_sdio.o
LOAD ./SPL/src/stm32f10x_spi.o
LOAD ./SPL/src/stm32f10x_tim.o
LOAD ./SPL/src/stm32f10x_usart.o
LOAD ./SPL/src/stm32f10x_wwdg.o
LOAD ./CMSIS/core_cm3.o
LOAD ./CMSIS/startup_stm32f10x_ld_vl.o
LOAD ./CMSIS/system_stm32f10x.o
LOAD ./main.o
START GROUP
LOAD c:/program files (x86)/codesourcery/sourcery_codebench_lite_for_arm_eabi/bin/../lib/gcc/arm-none-eabi/4.7.3/thumb2\libgcc.a
LOAD c:/program files (x86)/codesourcery/sourcery_codebench_lite_for_arm_eabi/bin/../lib/gcc/arm-none-eabi/4.7.3/../../../../arm-none-eabi/lib/thumb2\libc.a
END GROUP
                0x20002000                _estack = (ORIGIN (RAM) + 0x2000)
                0x00000000                MIN_HEAP_SIZE = 0x0
                0x00000100                MIN_STACK_SIZE = 0x100

.isr_vector     0x08000000      0x1d0
                0x08000000                . = ALIGN (0x4)
 *(.isr_vector)
 .isr_vector    0x08000000      0x1d0 ./CMSIS/startup_stm32f10x_ld_vl.o
                0x08000000                g_pfnVectors
                0x080001d0                . = ALIGN (0x4)

.text           0x080001d0      0x2e4
                0x080001d0                . = ALIGN (0x4)
 *(.text)
 *(.text*)
 .text.Reset_Handler
                0x080001d0       0x4c ./CMSIS/startup_stm32f10x_ld_vl.o
                0x080001d0                Reset_Handler
 .text.Default_Handler
                0x0800021c        0x4 ./CMSIS/startup_stm32f10x_ld_vl.o
                0x0800021c                EXTI2_IRQHandler
                0x0800021c                DebugMon_Handler
                0x0800021c                TIM1_CC_IRQHandler
                0x0800021c                HardFault_Handler
                0x0800021c                SysTick_Handler
                0x0800021c                PVD_IRQHandler
                0x0800021c                PendSV_Handler
                0x0800021c                NMI_Handler
                0x0800021c                EXTI3_IRQHandler
                0x0800021c                EXTI0_IRQHandler
                0x0800021c                TIM1_UP_TIM16_IRQHandler
                0x0800021c                UsageFault_Handler
                0x0800021c                SPI1_IRQHandler
                0x0800021c                TAMPER_IRQHandler
                0x0800021c                TIM6_DAC_IRQHandler
                0x0800021c                DMA1_Channel4_IRQHandler
                0x0800021c                ADC1_IRQHandler
                0x0800021c                RTC_IRQHandler
                0x0800021c                DMA1_Channel7_IRQHandler
                0x0800021c                I2C1_EV_IRQHandler
                0x0800021c                DMA1_Channel6_IRQHandler
                0x0800021c                TIM3_IRQHandler
                0x0800021c                RCC_IRQHandler
                0x0800021c                DMA1_Channel1_IRQHandler
                0x0800021c                Default_Handler
                0x0800021c                CEC_IRQHandler
                0x0800021c                EXTI15_10_IRQHandler
                0x0800021c                TIM7_IRQHandler
                0x0800021c                EXTI9_5_IRQHandler
                0x0800021c                MemManage_Handler
                0x0800021c                SVC_Handler
                0x0800021c                DMA1_Channel5_IRQHandler
                0x0800021c                EXTI4_IRQHandler
                0x0800021c                TIM1_TRG_COM_TIM17_IRQHandler
                0x0800021c                DMA1_Channel3_IRQHandler
                0x0800021c                WWDG_IRQHandler
                0x0800021c                EXTI1_IRQHandler
                0x0800021c                RTCAlarm_IRQHandler
                0x0800021c                USART2_IRQHandler
                0x0800021c                DMA1_Channel2_IRQHandler
                0x0800021c                FLASH_IRQHandler
                0x0800021c                BusFault_Handler
                0x0800021c                USART1_IRQHandler
                0x0800021c                I2C1_ER_IRQHandler
                0x0800021c                TIM1_BRK_TIM15_IRQHandler
 .text.SystemInit
                0x08000220       0x70 ./CMSIS/system_stm32f10x.o
                0x08000220                SystemInit
 .text.SetSysClock
                0x08000290        0xc ./CMSIS/system_stm32f10x.o
 .text.SetSysClockTo24
                0x0800029c       0xdc ./CMSIS/system_stm32f10x.o
 .text.NVIC_EnableIRQ
                0x08000378       0x34 ./main.o
 .text.main     0x080003ac       0x9c ./main.o
                0x080003ac                main
 .text.TIM2_IRQHandler
                0x08000448       0x6c ./main.o
                0x08000448                TIM2_IRQHandler
 *(.rodata)
 *(.rodata*)
 *(.glue_7)
 .glue_7        0x00000000        0x0 linker stubs
 *(.glue_7t)
 .glue_7t       0x00000000        0x0 linker stubs
 *(.init)
 *(.fini)
                0x080004b4                . = ALIGN (0x4)
                0x080004b4                _etext = .

.vfp11_veneer   0x080004b4        0x0
 .vfp11_veneer  0x00000000        0x0 linker stubs

.v4_bx          0x080004b4        0x0
 .v4_bx         0x00000000        0x0 linker stubs

.iplt           0x080004b4        0x0
 .iplt          0x00000000        0x0 ./lcd3310/lcd3310.o

.rel.dyn        0x080004b4        0x0
 .rel.iplt      0x00000000        0x0 ./lcd3310/lcd3310.o

.ARM.extab
 *(.ARM.extab* .gnu.linkonce.armextab.*)

.ARM            0x080004b4        0x0
                0x080004b4                __exidx_start = .
 *(.ARM.exidx*)
                0x080004b4                __exidx_end = .

.ARM.attributes
                0x080004b4       0x31
 *(.ARM.attributes)
 .ARM.attributes
                0x080004b4       0x21 ./CMSIS/startup_stm32f10x_ld_vl.o
 .ARM.attributes
                0x080004d5       0x33 ./CMSIS/system_stm32f10x.o
 .ARM.attributes
                0x08000508       0x33 ./main.o

.preinit_array  0x080004b4        0x0
                0x080004b4                PROVIDE (__preinit_array_start, .)
 *(.preinit_array*)
                0x080004b4                PROVIDE (__preinit_array_end, .)

.init_array     0x080004b4        0x0
                0x080004b4                PROVIDE (__init_array_start, .)
 *(SORT(.init_array.*))
 *(.init_array*)
                0x080004b4                PROVIDE (__init_array_end, .)

.fini_array     0x080004b4        0x0
                0x080004b4                PROVIDE (__fini_array_start, .)
 *(.fini_array*)
 *(SORT(.fini_array.*))
                0x080004b4                PROVIDE (__fini_array_end, .)
                0x080004b4                _sidata = .

.data           0x20000000        0x4 load address 0x0800053b
                0x20000000                . = ALIGN (0x4)
                0x20000000                _sdata = .
 *(.data)
 *(.data*)
 .data.SystemCoreClock
                0x20000000        0x4 ./CMSIS/system_stm32f10x.o
                0x20000000                SystemCoreClock
                0x20000004                . = ALIGN (0x4)
                0x20000004                _edata = .

.igot.plt       0x20000004        0x0 load address 0x08000540
 .igot.plt      0x00000000        0x0 ./lcd3310/lcd3310.o
                0x20000004                . = ALIGN (0x4)

.bss            0x20000004        0x4 load address 0x0800053f
                0x20000004                _sbss = .
                0x20000004                __bss_start__ = _sbss
 *(.bss)
 *(.bss*)
 .bss.i         0x20000004        0x1 ./main.o
                0x20000004                i
 *(COMMON)
                0x20000008                . = ALIGN (0x4)
 *fill*         0x20000005        0x3 
                0x20000008                _ebss = .
                0x20000008                __bss_end__ = _ebss
                0x20000008                PROVIDE (end, _ebss)
                0x20000008                PROVIDE (_end, _ebss)
                0x20000008                PROVIDE (__HEAP_START, _ebss)

._user_heap_stack
                0x20000008      0x100 load address 0x08000543
                0x20000008                . = ALIGN (0x4)
                0x20000008                . = (. + MIN_HEAP_SIZE)
                0x20000108                . = (. + MIN_STACK_SIZE)
 *fill*         0x20000008      0x100 
                0x20000108                . = ALIGN (0x4)

/DISCARD/
 libc.a(*)
 libm.a(*)
 libgcc.a(*)
OUTPUT(stm32_ld_vl.elf elf32-littlearm)

.debug_line     0x00000000      0x8d7
 .debug_line    0x00000000       0x7e ./CMSIS/startup_stm32f10x_ld_vl.o
 .debug_line    0x0000007e      0x469 ./CMSIS/system_stm32f10x.o
 .debug_line    0x000004e7      0x3f0 ./main.o

.debug_info     0x00000000      0xbd7
 .debug_info    0x00000000       0x79 ./CMSIS/startup_stm32f10x_ld_vl.o
 .debug_info    0x00000079      0x414 ./CMSIS/system_stm32f10x.o
 .debug_info    0x0000048d      0x74a ./main.o

.debug_abbrev   0x00000000      0x2f5
 .debug_abbrev  0x00000000       0x12 ./CMSIS/startup_stm32f10x_ld_vl.o
 .debug_abbrev  0x00000012      0x17e ./CMSIS/system_stm32f10x.o
 .debug_abbrev  0x00000190      0x165 ./main.o

.debug_aranges  0x00000000       0x90
 .debug_aranges
                0x00000000       0x28 ./CMSIS/startup_stm32f10x_ld_vl.o
 .debug_aranges
                0x00000028       0x38 ./CMSIS/system_stm32f10x.o
 .debug_aranges
                0x00000060       0x30 ./main.o

.debug_ranges   0x00000000       0x68
 .debug_ranges  0x00000000       0x20 ./CMSIS/startup_stm32f10x_ld_vl.o
 .debug_ranges  0x00000020       0x28 ./CMSIS/system_stm32f10x.o
 .debug_ranges  0x00000048       0x20 ./main.o

.debug_loc      0x00000000      0x158
 .debug_loc     0x00000000       0xc8 ./CMSIS/system_stm32f10x.o
 .debug_loc     0x000000c8       0x90 ./main.o

.debug_macro    0x00000000      0x285
 .debug_macro   0x00000000      0x149 ./CMSIS/system_stm32f10x.o
 .debug_macro   0x00000149      0x13c ./main.o

.debug_str      0x00000000    0x4cf24
 .debug_str     0x00000000    0x4cb2f ./CMSIS/system_stm32f10x.o
                              0x4cbd7 (size before relaxing)
 .debug_str     0x0004cb2f      0x3f5 ./main.o
                              0x4ceae (size before relaxing)

.comment        0x00000000       0x30
 .comment       0x00000000       0x30 ./CMSIS/system_stm32f10x.o
                                 0x31 (size before relaxing)
 .comment       0x00000000       0x31 ./main.o

.debug_frame    0x00000000       0xe4
 .debug_frame   0x00000000       0x80 ./CMSIS/system_stm32f10x.o
 .debug_frame   0x00000080       0x64 ./main.o
